=== RUN   TestSFTPClientConnect
--- PASS: TestSFTPClientConnect (0.06s)
=== RUN   TestSFTPClientConnect_MockErrors
--- PASS: TestSFTPClientConnect_MockErrors (0.01s)
=== RUN   TestSFTPClient_FullCoverage
2026/04/14 14:30:10 {"level":"info","time":"2026-04-14T14:30:10+02:00","msg":"Copying file from C:\\Users\\Daniel\\AppData\\Local\\Temp\\full_cov2501592244\\test.txt -\u003e test.txt"}
2026/04/14 14:30:10 {"level":"info","time":"2026-04-14T14:30:10+02:00","msg":"Existing partial file is larger than or equal to local file (10 \u003e= 10), restarting."}
2026/04/14 14:30:10 {"level":"info","time":"2026-04-14T14:30:10+02:00","msg":"Uploaded C:\\Users\\Daniel\\AppData\\Local\\Temp\\full_cov2501592244\\test.txt -\u003e test.txt (10 bytes) in 0s"}
2026/04/14 14:30:10 {"level":"info","time":"2026-04-14T14:30:10+02:00","msg":"Verification passed for test.txt.tmp"}
2026/04/14 14:30:10 {"level":"info","time":"2026-04-14T14:30:10+02:00","msg":"Successfully moved temp file to final destination: test.txt"}
2026/04/14 14:30:10 {"level":"info","time":"2026-04-14T14:30:10+02:00","msg":"Copying file from C:\\Users\\Daniel\\AppData\\Local\\Temp\\full_cov2501592244\\test.txt -\u003e test.txt"}
2026/04/14 14:30:10 {"level":"info","time":"2026-04-14T14:30:10+02:00","msg":"Copying file from C:\\Users\\Daniel\\AppData\\Local\\Temp\\full_cov2501592244\\test.txt -\u003e test.txt"}
2026/04/14 14:30:10 {"level":"info","time":"2026-04-14T14:30:10+02:00","msg":"Existing partial file is larger than or equal to local file (10 \u003e= 10), restarting."}
2026/04/14 14:30:10 {"level":"info","time":"2026-04-14T14:30:10+02:00","msg":"Copying file from C:\\Users\\Daniel\\AppData\\Local\\Temp\\full_cov2501592244\\test.txt -\u003e test.txt"}
2026/04/14 14:30:10 {"level":"info","time":"2026-04-14T14:30:10+02:00","msg":"Existing partial file is larger than or equal to local file (10 \u003e= 10), restarting."}
2026/04/14 14:30:10 {"level":"info","time":"2026-04-14T14:30:10+02:00","msg":"Transfer interrupted. Partial file retained at test.txt.tmp"}
2026/04/14 14:30:10 {"level":"info","time":"2026-04-14T14:30:10+02:00","msg":"Copying file from C:\\Users\\Daniel\\AppData\\Local\\Temp\\full_cov2501592244\\test.txt -\u003e test.txt"}
2026/04/14 14:30:10 {"level":"info","time":"2026-04-14T14:30:10+02:00","msg":"Existing partial file is larger than or equal to local file (10 \u003e= 10), restarting."}
2026/04/14 14:30:10 {"level":"info","time":"2026-04-14T14:30:10+02:00","msg":"Uploaded C:\\Users\\Daniel\\AppData\\Local\\Temp\\full_cov2501592244\\test.txt -\u003e test.txt (10 bytes) in 0s"}
2026/04/14 14:30:10 {"level":"info","time":"2026-04-14T14:30:10+02:00","msg":"Verification passed for test.txt.tmp"}
2026/04/14 14:30:10 {"level":"info","time":"2026-04-14T14:30:10+02:00","msg":"Successfully moved temp file to final destination: test.txt"}
    client_test.go:399: Expected remote close fail, got <nil>
2026/04/14 14:30:10 {"level":"info","time":"2026-04-14T14:30:10+02:00","msg":"Copying file from C:\\Users\\Daniel\\AppData\\Local\\Temp\\full_cov2501592244\\test.txt -\u003e test.txt"}
2026/04/14 14:30:10 {"level":"info","time":"2026-04-14T14:30:10+02:00","msg":"Uploaded C:\\Users\\Daniel\\AppData\\Local\\Temp\\full_cov2501592244\\test.txt -\u003e test.txt (10 bytes) in 0s"}
2026/04/14 14:30:10 {"level":"info","time":"2026-04-14T14:30:10+02:00","msg":"Transfer interrupted. Partial file retained at test.txt.tmp"}
2026/04/14 14:30:10 {"level":"info","time":"2026-04-14T14:30:10+02:00","msg":"Copying file from C:\\Users\\Daniel\\AppData\\Local\\Temp\\full_cov2501592244\\test.txt -\u003e test.txt"}
2026/04/14 14:30:10 {"level":"info","time":"2026-04-14T14:30:10+02:00","msg":"Partial file found (5/10 bytes). Attempting to resume..."}
2026/04/14 14:30:10 {"level":"error","time":"2026-04-14T14:30:10+02:00","msg":"Failed to open remote file for resume: openfile not implemented"}
2026/04/14 14:30:10 {"level":"info","time":"2026-04-14T14:30:10+02:00","msg":"Uploaded C:\\Users\\Daniel\\AppData\\Local\\Temp\\full_cov2501592244\\test.txt -\u003e test.txt (10 bytes) in 0s"}
2026/04/14 14:30:10 {"level":"error","time":"2026-04-14T14:30:10+02:00","msg":"Verification failed for test.txt.tmp: size mismatch (local: 10, remote: 5). Partial file retained."}
2026/04/14 14:30:10 {"level":"info","time":"2026-04-14T14:30:10+02:00","msg":"Copying file from C:\\Users\\Daniel\\AppData\\Local\\Temp\\full_cov2501592244\\test.txt -\u003e test.txt"}
2026/04/14 14:30:10 {"level":"info","time":"2026-04-14T14:30:10+02:00","msg":"Existing partial file is larger than or equal to local file (10 \u003e= 10), restarting."}
2026/04/14 14:30:10 {"level":"info","time":"2026-04-14T14:30:10+02:00","msg":"Uploaded C:\\Users\\Daniel\\AppData\\Local\\Temp\\full_cov2501592244\\test.txt -\u003e test.txt (10 bytes) in 626.6┬╡s"}
2026/04/14 14:30:10 {"level":"info","time":"2026-04-14T14:30:10+02:00","msg":"Verification passed for test.txt.tmp"}
2026/04/14 14:30:10 {"level":"info","time":"2026-04-14T14:30:10+02:00","msg":"Successfully moved temp file to final destination: test.txt"}
2026/04/14 14:30:10 {"level":"error","time":"2026-04-14T14:30:10+02:00","msg":"Failed to delete local file C:\\Users\\Daniel\\AppData\\Local\\Temp\\full_cov2501592244\\test.txt: remove error"}
2026/04/14 14:30:10 {"level":"info","time":"2026-04-14T14:30:10+02:00","msg":"Copying file from C:\\Users\\Daniel\\AppData\\Local\\Temp\\full_cov2501592244\\test.txt -\u003e test.txt"}
2026/04/14 14:30:10 {"level":"info","time":"2026-04-14T14:30:10+02:00","msg":"Existing partial file is larger than or equal to local file (10 \u003e= 10), restarting."}
2026/04/14 14:30:10 {"level":"info","time":"2026-04-14T14:30:10+02:00","msg":"Uploaded C:\\Users\\Daniel\\AppData\\Local\\Temp\\full_cov2501592244\\test.txt -\u003e test.txt (10 bytes) in 0s"}
2026/04/14 14:30:10 {"level":"info","time":"2026-04-14T14:30:10+02:00","msg":"Verification passed for test.txt.tmp"}
2026/04/14 14:30:10 {"level":"info","time":"2026-04-14T14:30:10+02:00","msg":"Successfully moved temp file to final destination: test.txt"}
2026/04/14 14:30:10 {"level":"info","time":"2026-04-14T14:30:10+02:00","msg":"Deleted local file test.txt"}
2026/04/14 14:30:10 {"level":"info","time":"2026-04-14T14:30:10+02:00","msg":"Copying file from C:\\Users\\Daniel\\AppData\\Local\\Temp\\full_cov2501592244\\test.txt -\u003e test.txt"}
2026/04/14 14:30:10 {"level":"error","time":"2026-04-14T14:30:10+02:00","msg":"Upload attempt 1 failed for test.txt: failed to open local file: open fail"}
2026/04/14 14:30:10 {"level":"info","time":"2026-04-14T14:30:10+02:00","msg":"Copying file from C:\\Users\\Daniel\\AppData\\Local\\Temp\\full_cov2501592244\\test.txt -\u003e test.txt"}
2026/04/14 14:30:10 {"level":"error","time":"2026-04-14T14:30:10+02:00","msg":"Upload attempt 2 failed for test.txt: failed to open local file: open fail"}
--- FAIL: TestSFTPClient_FullCoverage (0.11s)
=== RUN   TestSFTPClientUpload_AdvancedNetwork
2026/04/14 14:30:10 {"level":"info","time":"2026-04-14T14:30:10+02:00","msg":"Copying file from C:\\Users\\Daniel\\AppData\\Local\\Temp\\adv_network3789644569\\test.txt -\u003e test.txt"}
2026/04/14 14:30:10 {"level":"info","time":"2026-04-14T14:30:10+02:00","msg":"Existing partial file is larger than or equal to local file (43 \u003e= 43), restarting."}
2026/04/14 14:30:10 {"level":"info","time":"2026-04-14T14:30:10+02:00","msg":"Transfer interrupted. Partial file retained at test.txt.tmp"}
2026/04/14 14:30:10 {"level":"info","time":"2026-04-14T14:30:10+02:00","msg":"Copying file from C:\\Users\\Daniel\\AppData\\Local\\Temp\\adv_network3789644569\\test.txt -\u003e test.txt"}
2026/04/14 14:30:10 {"level":"info","time":"2026-04-14T14:30:10+02:00","msg":"Existing partial file is larger than or equal to local file (43 \u003e= 43), restarting."}
2026/04/14 14:30:10 {"level":"info","time":"2026-04-14T14:30:10+02:00","msg":"Transfer interrupted. Partial file retained at test.txt.tmp"}
2026/04/14 14:30:10 {"level":"info","time":"2026-04-14T14:30:10+02:00","msg":"Copying file from C:\\Users\\Daniel\\AppData\\Local\\Temp\\adv_network3789644569\\test.txt -\u003e test.txt"}
2026/04/14 14:30:10 {"level":"info","time":"2026-04-14T14:30:10+02:00","msg":"Existing partial file is larger than or equal to local file (43 \u003e= 43), restarting."}
2026/04/14 14:30:10 {"level":"info","time":"2026-04-14T14:30:10+02:00","msg":"Transfer interrupted. Partial file retained at test.txt.tmp"}
2026/04/14 14:30:10 {"level":"info","time":"2026-04-14T14:30:10+02:00","msg":"Copying file from C:\\Users\\Daniel\\AppData\\Local\\Temp\\adv_network3789644569\\test.txt -\u003e test.txt"}
2026/04/14 14:30:10 {"level":"info","time":"2026-04-14T14:30:10+02:00","msg":"Existing partial file is larger than or equal to local file (43 \u003e= 43), restarting."}
2026/04/14 14:30:10 {"level":"info","time":"2026-04-14T14:30:10+02:00","msg":"Transfer interrupted. Partial file retained at test.txt.tmp"}
2026/04/14 14:30:10 {"level":"error","time":"2026-04-14T14:30:10+02:00","msg":"Upload attempt 1 failed for test.txt: failed to copy file: interrupted transfer"}
2026/04/14 14:30:10 {"level":"info","time":"2026-04-14T14:30:10+02:00","msg":"Copying file from C:\\Users\\Daniel\\AppData\\Local\\Temp\\adv_network3789644569\\test.txt -\u003e test.txt"}
2026/04/14 14:30:10 {"level":"info","time":"2026-04-14T14:30:10+02:00","msg":"Existing partial file is larger than or equal to local file (43 \u003e= 43), restarting."}
2026/04/14 14:30:10 {"level":"info","time":"2026-04-14T14:30:10+02:00","msg":"Uploaded C:\\Users\\Daniel\\AppData\\Local\\Temp\\adv_network3789644569\\test.txt -\u003e test.txt (43 bytes) in 0s"}
2026/04/14 14:30:10 {"level":"info","time":"2026-04-14T14:30:10+02:00","msg":"Verification passed for test.txt.tmp"}
2026/04/14 14:30:10 {"level":"info","time":"2026-04-14T14:30:10+02:00","msg":"Successfully moved temp file to final destination: test.txt"}
2026/04/14 14:30:10 {"level":"info","time":"2026-04-14T14:30:10+02:00","msg":"Copying file from C:\\Users\\Daniel\\AppData\\Local\\Temp\\adv_network3789644569\\test.txt -\u003e test.txt"}
2026/04/14 14:30:10 {"level":"info","time":"2026-04-14T14:30:10+02:00","msg":"Existing partial file is larger than or equal to local file (43 \u003e= 43), restarting."}
2026/04/14 14:30:10 {"level":"info","time":"2026-04-14T14:30:10+02:00","msg":"Uploaded C:\\Users\\Daniel\\AppData\\Local\\Temp\\adv_network3789644569\\test.txt -\u003e test.txt (43 bytes) in 12.3055ms"}
2026/04/14 14:30:10 {"level":"info","time":"2026-04-14T14:30:10+02:00","msg":"Verification passed for test.txt.tmp"}
2026/04/14 14:30:10 {"level":"info","time":"2026-04-14T14:30:10+02:00","msg":"Successfully moved temp file to final destination: test.txt"}
--- PASS: TestSFTPClientUpload_AdvancedNetwork (0.11s)
=== RUN   TestSFTPClient_RateLimiting
2026/04/14 14:30:10 {"level":"info","time":"2026-04-14T14:30:10+02:00","msg":"Copying file from C:\\Users\\Daniel\\AppData\\Local\\Temp\\ratelimit_test2951527704\\test.txt -\u003e test.txt"}
2026/04/14 14:30:10 {"level":"info","time":"2026-04-14T14:30:10+02:00","msg":"Existing partial file is larger than or equal to local file (61440 \u003e= 61440), restarting."}
2026/04/14 14:30:14 {"level":"info","time":"2026-04-14T14:30:14+02:00","msg":"Uploaded C:\\Users\\Daniel\\AppData\\Local\\Temp\\ratelimit_test2951527704\\test.txt -\u003e test.txt (61440 bytes) in 4.4002935s"}
2026/04/14 14:30:14 {"level":"info","time":"2026-04-14T14:30:14+02:00","msg":"Verification passed for test.txt.tmp"}
2026/04/14 14:30:14 {"level":"info","time":"2026-04-14T14:30:14+02:00","msg":"Successfully moved temp file to final destination: test.txt"}
2026/04/14 14:30:14 {"level":"info","time":"2026-04-14T14:30:14+02:00","msg":"Copying file from C:\\Users\\Daniel\\AppData\\Local\\Temp\\ratelimit_test2951527704\\test.txt -\u003e test.txt"}
2026/04/14 14:30:14 {"level":"info","time":"2026-04-14T14:30:14+02:00","msg":"Existing partial file is larger than or equal to local file (61440 \u003e= 61440), restarting."}
2026/04/14 14:30:14 {"level":"info","time":"2026-04-14T14:30:14+02:00","msg":"Latency high (50.6237ms \u003e 10ms), throttling down to 71680 KB/s"}
2026/04/14 14:30:15 {"level":"info","time":"2026-04-14T14:30:15+02:00","msg":"Latency high (50.8508ms \u003e 10ms), throttling down to 50176 KB/s"}
2026/04/14 14:30:15 {"level":"info","time":"2026-04-14T14:30:15+02:00","msg":"Uploaded C:\\Users\\Daniel\\AppData\\Local\\Temp\\ratelimit_test2951527704\\test.txt -\u003e test.txt (61440 bytes) in 101.4745ms"}
2026/04/14 14:30:15 {"level":"info","time":"2026-04-14T14:30:15+02:00","msg":"Verification passed for test.txt.tmp"}
2026/04/14 14:30:15 {"level":"info","time":"2026-04-14T14:30:15+02:00","msg":"Successfully moved temp file to final destination: test.txt"}
--- PASS: TestSFTPClient_RateLimiting (4.53s)
=== RUN   TestSFTPClient_ValidateRemotePath
--- PASS: TestSFTPClient_ValidateRemotePath (0.00s)
=== RUN   TestSFTPClient_FileSystemActions
--- PASS: TestSFTPClient_FileSystemActions (0.00s)
=== RUN   TestSFTPClient_ReadRemoteDir
--- PASS: TestSFTPClient_ReadRemoteDir (0.00s)
=== RUN   TestSFTPClient_OverwriteCheckErrors
2026/04/14 14:30:15 {"level":"info","time":"2026-04-14T14:30:15+02:00","msg":"Copying file from C:\\Users\\Daniel\\AppData\\Local\\Temp\\overwrite_test4218119890\\test.txt -\u003e /upload/test.txt"}
--- PASS: TestSFTPClient_OverwriteCheckErrors (0.00s)
=== RUN   TestThrottledReader_LargeRead
--- PASS: TestThrottledReader_LargeRead (1.00s)
=== RUN   TestThrottledWriter_LargeWrite
--- PASS: TestThrottledWriter_LargeWrite (1.00s)
=== RUN   TestThrottledReader_WaitError
--- PASS: TestThrottledReader_WaitError (0.00s)
=== RUN   TestThrottledWriter_WaitError
--- PASS: TestThrottledWriter_WaitError (0.00s)
=== RUN   TestThrottledWriter_InfLimit
--- PASS: TestThrottledWriter_InfLimit (0.00s)
=== RUN   TestSFTPClient_ConnectFailuresExhaustive
--- PASS: TestSFTPClient_ConnectFailuresExhaustive (0.01s)
=== RUN   TestSFTPClient_UploadFailuresExhaustive
=== RUN   TestSFTPClient_UploadFailuresExhaustive/osOpen_Error
2026/04/14 14:30:17 {"level":"info","time":"2026-04-14T14:30:17+02:00","msg":"Copying file from C:\\Users\\Daniel\\AppData\\Local\\Temp\\osopen_err3690808713\\test.txt -\u003e /upload/test.txt"}
=== RUN   TestSFTPClient_UploadFailuresExhaustive/sftpClient.Create_Error
2026/04/14 14:30:17 {"level":"info","time":"2026-04-14T14:30:17+02:00","msg":"Copying file from C:\\Users\\Daniel\\AppData\\Local\\Temp\\create_err225057566\\test.txt -\u003e /upload/test.txt"}
=== RUN   TestSFTPClient_UploadFailuresExhaustive/Cleanup_Error
2026/04/14 14:30:17 {"level":"info","time":"2026-04-14T14:30:17+02:00","msg":"Copying file from C:\\Users\\Daniel\\AppData\\Local\\Temp\\cleanup_err4208535090\\test.txt -\u003e /upload/test.txt"}
2026/04/14 14:30:17 {"level":"info","time":"2026-04-14T14:30:17+02:00","msg":"Transfer interrupted. Partial file retained at /upload/test.txt.tmp"}
=== RUN   TestSFTPClient_UploadFailuresExhaustive/osRemove_Error
2026/04/14 14:30:17 {"level":"info","time":"2026-04-14T14:30:17+02:00","msg":"Copying file from C:\\Users\\Daniel\\AppData\\Local\\Temp\\osremove_err3143555878\\test.txt -\u003e /upload/test.txt"}
2026/04/14 14:30:17 {"level":"info","time":"2026-04-14T14:30:17+02:00","msg":"Existing partial file is larger than or equal to local file (4 \u003e= 4), restarting."}
2026/04/14 14:30:17 {"level":"info","time":"2026-04-14T14:30:17+02:00","msg":"Uploaded C:\\Users\\Daniel\\AppData\\Local\\Temp\\osremove_err3143555878\\test.txt -\u003e /upload/test.txt (4 bytes) in 0s"}
2026/04/14 14:30:17 {"level":"info","time":"2026-04-14T14:30:17+02:00","msg":"Verification passed for test.txt.tmp"}
2026/04/14 14:30:17 {"level":"info","time":"2026-04-14T14:30:17+02:00","msg":"Successfully moved temp file to final destination: test.txt"}
2026/04/14 14:30:17 {"level":"error","time":"2026-04-14T14:30:17+02:00","msg":"Failed to delete local file C:\\Users\\Daniel\\AppData\\Local\\Temp\\osremove_err3143555878\\test.txt: permission denied"}
--- PASS: TestSFTPClient_UploadFailuresExhaustive (0.01s)
    --- PASS: TestSFTPClient_UploadFailuresExhaustive/osOpen_Error (0.00s)
    --- PASS: TestSFTPClient_UploadFailuresExhaustive/sftpClient.Create_Error (0.00s)
    --- PASS: TestSFTPClient_UploadFailuresExhaustive/Cleanup_Error (0.01s)
    --- PASS: TestSFTPClient_UploadFailuresExhaustive/osRemove_Error (0.00s)
=== RUN   TestSFTPClient_UploadRetryFailureExhaustive
2026/04/14 14:30:17 {"level":"info","time":"2026-04-14T14:30:17+02:00","msg":"Copying file from C:\\Users\\Daniel\\AppData\\Local\\Temp\\retry_fail_test1839883624\\test.txt -\u003e /upload/test.txt"}
2026/04/14 14:30:17 {"level":"error","time":"2026-04-14T14:30:17+02:00","msg":"Upload attempt 1 failed for test.txt: failed to create temp remote file: fail"}
--- PASS: TestSFTPClient_UploadRetryFailureExhaustive (0.00s)
FAIL
FAIL	uplarr/internal/sftpclient	8.507s
FAIL
